---
source: hackernews_tim/tests/e2e_login.rs
expression: handle.screen()
---
[Y] Hacker News | 1.front_page | 2.story | 3.ask_hn | 4.show_hn | 5.job | 6.threads | search (^S) |

1. login fixture story (example.com)
   42 points | by alice | [time ago] | 0 comments











                                          ┌────┤ Log in to Hacker News ├─────┐
                                          │ Username:                        │
                                          │ ________________________________ │
                                          │                                  │
                                          │ Password:                        │
                                          │ ________________________________ │
                                          │                                  │
                                          │                                  │
                                          │                <Cancel> <Log in> │
                                          └──────────────────────────────────┘














                            Hacker News Terminal UI - made by AOME ©                            [?: help] [back] [quit]
