---
source: hackernews_tim/tests/link_dialog.rs
expression: harness.screen_text()
---
















 ┌────────────────────────────────────────────────────────────────────────────────────────────────────────────────────┐
 │ 1. https://example.com/one                                                                                         │
 │ 2. https://example.com/two                                                                                         │
 │ 3. https://example.com/three                                                                                       │
 │ 4. https://example.com/four                                                                                        │
 │ 5. https://example.com/five                                                                                        │
 └────────────────────────────────────────────────────────────────────────────────────────────────────────────────────┘
